<html>
<body>
<pre>
<h1>µVision Build Log</h1>
<h2>Tool Versions:</h2>
IDE-Version: ¦ÌVision V5.25.2.0
Copyright (C) 2018 ARM Ltd and ARM Germany GmbH. All rights reserved.
License Information: Rui Wong, EvenTec, LIC=03CX7-EHW0J-SYIVA-1RCWE-I2FWM-UVL9V
 
Tool Versions:
Toolchain:       MDK-ARM Plus  Version: 5.25.2.0
Toolchain Path:  D:\Program Files (x86)\Keil_v5\ARM\ARMCC\Bin
C Compiler:      Armcc.exe V5.06 update 6 (build 750)
Assembler:       Armasm.exe V5.06 update 6 (build 750)
Linker/Locator:  ArmLink.exe V5.06 update 6 (build 750)
Library Manager: ArmAr.exe V5.06 update 6 (build 750)
Hex Converter:   FromElf.exe V5.06 update 6 (build 750)
CPU DLL:         SARMCM3.DLL V5.25.2.0
Dialog DLL:      DCM.DLL V1.17.1.0
Target DLL:      Segger\JL2CM3.dll V2.99.29.0
Dialog DLL:      TCM.DLL V1.35.1.0
 
<h2>Project:</h2>
F:\MCU_Coding\GitHub_WorkSpace\E-Load_STM32F334C6\prj\Project\Project.uvprojx
Project File Date:  06/14/2018

<h2>Output:</h2>
*** Using Compiler 'V5.06 update 6 (build 750)', folder: 'D:\Program Files (x86)\Keil_v5\ARM\ARMCC\Bin'
Rebuild target 'STM32F334x8'
assembling startup_stm32f334x8.s...
compiling stm32f30x_can.c...
compiling stm32f30x_comp.c...
compiling stm32f30x_dac.c...
compiling stm32f30x_exti.c...
compiling stm32f30x_dma.c...
compiling stm32f30x_crc.c...
compiling stm32f30x_dbgmcu.c...
compiling stm32f30x_fmc.c...
compiling stm32f30x_flash.c...
compiling stm32f30x_adc.c...
compiling stm32f30x_gpio.c...
compiling stm32f30x_pwr.c...
compiling stm32f30x_misc.c...
compiling stm32f30x_iwdg.c...
compiling stm32f30x_spi.c...
compiling stm32f30x_syscfg.c...
compiling stm32f30x_i2c.c...
compiling stm32f30x_opamp.c...
compiling stm32f30x_hrtim.c...
compiling stm32f30x_rcc.c...
compiling stm32f30x_rtc.c...
compiling stm32f30x_tim.c...
compiling main.c...
compiling stm32f30x_wwdg.c...
compiling stm32f30x_it.c...
compiling stm32f30x_usart.c...
compiling system_stm32f30x.c...
linking...
Program Size: Code=484 RO-data=408 RW-data=0 ZI-data=1024  
".\build\STM32F334x8.axf" - 0 Error(s), 0 Warning(s).

<h2>Software Packages used:</h2>

Package Vendor: Keil
                http://www.keil.com/pack/Keil.STM32F3xx_DFP.2.1.0.pack
                Keil.STM32F3xx_DFP.2.1.0
                STMicroelectronics STM32F3 Series Device Support and Examples

<h2>Collection of Component include folders:</h2>
  .\RTE\_STM32F334x8
  D:\Program Files (x86)\Keil_v5\ARM\PACK\Keil\STM32F3xx_DFP\2.1.0\Drivers\CMSIS\Device\ST\STM32F3xx\Include

<h2>Collection of Component Files used:</h2>
Build Time Elapsed:  00:00:04
</pre>
</body>
</html>
